14:49:52 **** Incremental Build of configuration Debug for project project ****
make all 
make --no-print-directory pre-build
a9-linaro-pre-build-step
' '
make --no-print-directory main-build
'Building file: ../src/main.c'
'Invoking: ARM v7 gcc compiler'
arm-none-eabi-gcc -Wall -O0 -g3 -c -fmessage-length=0 -MT"src/main.o" -mcpu=cortex-a9 -mfpu=vfpv3 -mfloat-abi=hard -IC:/Users/etien/Documents/GitHub/ProjetS42/atelier4_wrapper/export/atelier4_wrapper/sw/atelier4_wrapper/standalone_ps7_cortexa9_0/bspinclude/include -MMD -MP -MF"src/main.d" -MT"src/main.o" -o "src/main.o" "../src/main.c"
../src/main.c: In function 'main':
../src/main.c:106:42: warning: passing argument 1 of 'genererDeplacementBackground' from incompatible pointer type [-Wincompatible-pointer-types]
  106 |             genererDeplacementBackground(&BackgroundX);
      |                                          ^~~~~~~~~~~~
      |                                          |
      |                                          short unsigned int *
../src/main.c:25:40: note: expected 'int *' but argument is of type 'short unsigned int *'
   25 | void genererDeplacementBackground(int *BackgroundX) {
      |                                   ~~~~~^~~~~~~~~~~
../src/main.c:107:39: warning: passing argument 1 of 'genererDeplacementYflappy' from incompatible pointer type [-Wincompatible-pointer-types]
  107 |             genererDeplacementYflappy(&flappyY, &etatBouton, &vitesseFlappyY);
      |                                       ^~~~~~~~
      |                                       |
      |                                       short unsigned int *
../src/main.c:60:37: note: expected 'int *' but argument is of type 'short unsigned int *'
   60 | void genererDeplacementYflappy(int *flappyY, int *etatBouton, float *vitesseFlappyY) {
      |                                ~~~~~^~~~~~~
../src/main.c:107:49: warning: passing argument 2 of 'genererDeplacementYflappy' from incompatible pointer type [-Wincompatible-pointer-types]
  107 |             genererDeplacementYflappy(&flappyY, &etatBouton, &vitesseFlappyY);
      |                                                 ^~~~~~~~~~~
      |                                                 |
      |                                                 _Bool *
../src/main.c:60:51: note: expected 'int *' but argument is of type '_Bool *'
   60 | void genererDeplacementYflappy(int *flappyY, int *etatBouton, float *vitesseFlappyY) {
      |                                              ~~~~~^~~~~~~~~~
../src/main.c:108:39: warning: pointer targets in passing argument 1 of 'controleDePartie' differ in signedness [-Wpointer-sign]
  108 |             gameOn = controleDePartie(tuyauxX, &flappyY);
      |                                       ^~~~~~~
      |                                       |
      |                                       unsigned int *
../src/main.c:32:27: note: expected 'int *' but argument is of type 'unsigned int *'
   32 | int controleDePartie(int* tuyauxX, int* flappyY) {
      |                      ~~~~~^~~~~~~
../src/main.c:108:48: warning: passing argument 2 of 'controleDePartie' from incompatible pointer type [-Wincompatible-pointer-types]
  108 |             gameOn = controleDePartie(tuyauxX, &flappyY);
      |                                                ^~~~~~~~
      |                                                |
      |                                                short unsigned int *
../src/main.c:32:41: note: expected 'int *' but argument is of type 'short unsigned int *'
   32 | int controleDePartie(int* tuyauxX, int* flappyY) {
      |                                    ~~~~~^~~~~~~
'Finished building: ../src/main.c'
' '
'Building target: project.elf'
'Invoking: ARM v7 gcc linker'
arm-none-eabi-gcc -mcpu=cortex-a9 -mfpu=vfpv3 -mfloat-abi=hard -Wl,-build-id=none -specs=Xilinx.spec -Wl,-T -Wl,../src/lscript.ld -LC:/Users/etien/Documents/GitHub/ProjetS42/atelier4_wrapper/export/atelier4_wrapper/sw/atelier4_wrapper/standalone_ps7_cortexa9_0/bsplib/lib -o "project.elf"  ./src/main.o ./src/scaler.o ./src/vdma.o   -Wl,--start-group,-lxil,-lgcc,-lc,--end-group
'Finished building target: project.elf'
' '
'Invoking: ARM v7 Print Size'
arm-none-eabi-size project.elf  |tee "project.elf.size"
   text	   data	    bss	    dec	    hex	filename
 167880	   1504	 160864	 330248	  50a08	project.elf
'Finished building: project.elf.size'
' '

14:49:57 Build Finished (took 4s.933ms)

